../Core/drivers/sensor/bmp280.c:27:19:BMP280_WriteRegister	32	static
../Core/drivers/sensor/bmp280.c:33:19:BMP280_ReadRegister	24	static
../Core/drivers/sensor/bmp280.c:41:6:BMP280_Init	8	static
../Core/drivers/sensor/bmp280.c:48:9:BMP280_ReadTemperature	16	static
../Core/drivers/sensor/bmp280.c:58:7:BMP280_CompensateTemperature	40	static
../Core/drivers/sensor/bmp280.c:103:9:BMP280_GetRawTemperature	16	static
../Core/drivers/sensor/bmp280.c:118:9:BMP280_GetRawPressure	16	static
../Core/drivers/sensor/bmp280.c:133:6:BMP280_ReadCalibrationData	32	static
../Core/drivers/sensor/bmp280.c:157:14:bmp280_compensate_T_int32	32	static
../Core/drivers/sensor/bmp280.c:168:14:bmp280_compensate_P_int64	328	static
../Core/drivers/sensor/bmp280.c:188:7:BMP280_GetPressure_hPa	24	static
